
[1m[46m RUN [49m[22m [36mv4.0.18 [39m[90mD:/GEMINI_egg_farm_PROD_READY[39m

[90mstdout[2m | tests/perf/contentLoad.perf.test.ts[2m > [22m[2mContent Load Performance[2m > [22m[2mloadContent() cold load тАФ < 200ms p95
[22m[39mContent loaded (v1): items(20), crops(5), pets(5), eggs(1), levels(5), tutorial(2), skus(2), quests(1)

[90mstdout[2m | tests/perf/contentLoad.perf.test.ts[2m > [22m[2mContent Load Performance[2m > [22m[2mloadContent() cold load тАФ < 200ms p95
[22m[39mContent loaded (v2): items(20), crops(5), pets(5), eggs(1), levels(5), tutorial(2), skus(2), quests(1)

[90mstdout[2m | tests/perf/contentLoad.perf.test.ts[2m > [22m[2mContent Load Performance[2m > [22m[2mloadContent() cold load тАФ < 200ms p95
[22m[39mContent loaded (v3): items(20), crops(5), pets(5), eggs(1), levels(5), tutorial(2), skus(2), quests(1)

[90mstdout[2m | tests/perf/contentLoad.perf.test.ts[2m > [22m[2mContent Load Performance[2m > [22m[2mloadContent() cold load тАФ < 200ms p95
[22m[39mContent loaded (v4): items(20), crops(5), pets(5), eggs(1), levels(5), tutorial(2), skus(2), quests(1)

[90mstdout[2m | tests/perf/contentLoad.perf.test.ts[2m > [22m[2mContent Load Performance[2m > [22m[2mloadContent() cold load тАФ < 200ms p95
[22m[39mContent loaded (v5): items(20), crops(5), pets(5), eggs(1), levels(5), tutorial(2), skus(2), quests(1)

[90mstdout[2m | tests/perf/contentLoad.perf.test.ts[2m > [22m[2mContent Load Performance[2m > [22m[2mloadContent() cold load тАФ < 200ms p95
[22m[39mContent loaded (v6): items(20), crops(5), pets(5), eggs(1), levels(5), tutorial(2), skus(2), quests(1)

[90mstdout[2m | tests/perf/contentLoad.perf.test.ts[2m > [22m[2mContent Load Performance[2m > [22m[2mloadContent() cold load тАФ < 200ms p95
[22m[39mContent loaded (v7): items(20), crops(5), pets(5), eggs(1), levels(5), tutorial(2), skus(2), quests(1)

[90mstdout[2m | tests/perf/contentLoad.perf.test.ts[2m > [22m[2mContent Load Performance[2m > [22m[2mloadContent() cold load тАФ < 200ms p95
[22m[39mContent loaded (v8): items(20), crops(5), pets(5), eggs(1), levels(5), tutorial(2), skus(2), quests(1)

[90mstdout[2m | tests/perf/contentLoad.perf.test.ts[2m > [22m[2mContent Load Performance[2m > [22m[2mloadContent() cold load тАФ < 200ms p95
[22m[39mContent loaded (v9): items(20), crops(5), pets(5), eggs(1), levels(5), tutorial(2), skus(2), quests(1)

[90mstdout[2m | tests/perf/contentLoad.perf.test.ts[2m > [22m[2mContent Load Performance[2m > [22m[2mloadContent() cold load тАФ < 200ms p95
[22m[39mContent loaded (v10): items(20), crops(5), pets(5), eggs(1), levels(5), tutorial(2), skus(2), quests(1)

[90mstdout[2m | tests/perf/contentLoad.perf.test.ts[2m > [22m[2mContent Load Performance[2m > [22m[2mloadContent() cold load тАФ < 200ms p95
[22m[39mContent loaded (v11): items(20), crops(5), pets(5), eggs(1), levels(5), tutorial(2), skus(2), quests(1)

[90mstdout[2m | tests/perf/contentLoad.perf.test.ts[2m > [22m[2mContent Load Performance[2m > [22m[2mloadContent() cold load тАФ < 200ms p95
[22m[39mContent loaded (v12): items(20), crops(5), pets(5), eggs(1), levels(5), tutorial(2), skus(2), quests(1)

[90mstdout[2m | tests/perf/contentLoad.perf.test.ts[2m > [22m[2mContent Load Performance[2m > [22m[2mloadContent() cold load тАФ < 200ms p95
[22m[39mContent loaded (v13): items(20), crops(5), pets(5), eggs(1), levels(5), tutorial(2), skus(2), quests(1)

[90mstdout[2m | tests/perf/contentLoad.perf.test.ts[2m > [22m[2mContent Load Performance[2m > [22m[2mloadContent() cold load тАФ < 200ms p95
[22m[39mContent loaded (v14): items(20), crops(5), pets(5), eggs(1), levels(5), tutorial(2), skus(2), quests(1)

[90mstdout[2m | tests/perf/contentLoad.perf.test.ts[2m > [22m[2mContent Load Performance[2m > [22m[2mloadContent() cold load тАФ < 200ms p95
[22m[39mContent loaded (v15): items(20), crops(5), pets(5), eggs(1), levels(5), tutorial(2), skus(2), quests(1)

[90mstdout[2m | tests/perf/contentLoad.perf.test.ts[2m > [22m[2mContent Load Performance[2m > [22m[2mloadContent() cold load тАФ < 200ms p95
[22m[39mContent loaded (v16): items(20), crops(5), pets(5), eggs(1), levels(5), tutorial(2), skus(2), quests(1)

[90mstdout[2m | tests/perf/contentLoad.perf.test.ts[2m > [22m[2mContent Load Performance[2m > [22m[2mloadContent() cold load тАФ < 200ms p95
[22m[39mContent loaded (v17): items(20), crops(5), pets(5), eggs(1), levels(5), tutorial(2), skus(2), quests(1)

[90mstdout[2m | tests/perf/contentLoad.perf.test.ts[2m > [22m[2mContent Load Performance[2m > [22m[2mloadContent() cold load тАФ < 200ms p95
[22m[39mContent loaded (v18): items(20), crops(5), pets(5), eggs(1), levels(5), tutorial(2), skus(2), quests(1)

[90mstdout[2m | tests/perf/contentLoad.perf.test.ts[2m > [22m[2mContent Load Performance[2m > [22m[2mloadContent() cold load тАФ < 200ms p95
[22m[39mContent loaded (v19): items(20), crops(5), pets(5), eggs(1), levels(5), tutorial(2), skus(2), quests(1)

[90mstdout[2m | tests/perf/contentLoad.perf.test.ts[2m > [22m[2mContent Load Performance[2m > [22m[2mloadContent() cold load тАФ < 200ms p95
[22m[39mContent loaded (v20): items(20), crops(5), pets(5), eggs(1), levels(5), tutorial(2), skus(2), quests(1)

[90mstdout[2m | tests/perf/contentLoad.perf.test.ts[2m > [22m[2mContent Load Performance[2m > [22m[2mloadContent() cold load тАФ < 200ms p95
[22m[39mContent loaded (v21): items(20), crops(5), pets(5), eggs(1), levels(5), tutorial(2), skus(2), quests(1)

[90mstdout[2m | tests/perf/contentLoad.perf.test.ts[2m > [22m[2mContent Load Performance[2m > [22m[2mloadContent() cold load тАФ < 200ms p95
[22m[39mContent loaded (v22): items(20), crops(5), pets(5), eggs(1), levels(5), tutorial(2), skus(2), quests(1)

[90mstdout[2m | tests/perf/contentLoad.perf.test.ts[2m > [22m[2mContent Load Performance[2m > [22m[2mloadContent() cold load тАФ < 200ms p95
[22m[39mContent loaded (v23): items(20), crops(5), pets(5), eggs(1), levels(5), tutorial(2), skus(2), quests(1)

[90mstdout[2m | tests/perf/contentLoad.perf.test.ts[2m > [22m[2mContent Load Performance[2m > [22m[2mloadContent() cold load тАФ < 200ms p95
[22m[39mтЬЕ loadContent тАФ cold (local): p50=2.98ms p95=4.88ms max=4.88ms avg=3.09ms total=62.0ms (20 iters) budget=200.00ms

[90mstdout[2m | tests/perf/contentLoad.perf.test.ts[2m > [22m[2mContent Load Performance[2m > [22m[2mloadContent() warm load тАФ < 100ms p95
[22m[39mContent loaded (v24): items(20), crops(5), pets(5), eggs(1), levels(5), tutorial(2), skus(2), quests(1)

[90mstdout[2m | tests/perf/contentLoad.perf.test.ts[2m > [22m[2mContent Load Performance[2m > [22m[2mloadContent() warm load тАФ < 100ms p95
[22m[39mContent loaded (v25): items(20), crops(5), pets(5), eggs(1), levels(5), tutorial(2), skus(2), quests(1)

[90mstdout[2m | tests/perf/contentLoad.perf.test.ts[2m > [22m[2mContent Load Performance[2m > [22m[2mloadContent() warm load тАФ < 100ms p95
[22m[39mContent loaded (v26): items(20), crops(5), pets(5), eggs(1), levels(5), tutorial(2), skus(2), quests(1)

[90mstdout[2m | tests/perf/contentLoad.perf.test.ts[2m > [22m[2mContent Load Performance[2m > [22m[2mloadContent() warm load тАФ < 100ms p95
[22m[39mContent loaded (v27): items(20), crops(5), pets(5), eggs(1), levels(5), tutorial(2), skus(2), quests(1)

[90mstdout[2m | tests/perf/contentLoad.perf.test.ts[2m > [22m[2mContent Load Performance[2m > [22m[2mloadContent() warm load тАФ < 100ms p95
[22m[39mContent loaded (v28): items(20), crops(5), pets(5), eggs(1), levels(5), tutorial(2), skus(2), quests(1)

[90mstdout[2m | tests/perf/contentLoad.perf.test.ts[2m > [22m[2mContent Load Performance[2m > [22m[2mloadContent() warm load тАФ < 100ms p95
[22m[39mContent loaded (v29): items(20), crops(5), pets(5), eggs(1), levels(5), tutorial(2), skus(2), quests(1)

[90mstdout[2m | tests/perf/contentLoad.perf.test.ts[2m > [22m[2mContent Load Performance[2m > [22m[2mloadContent() warm load тАФ < 100ms p95
[22m[39mContent loaded (v30): items(20), crops(5), pets(5), eggs(1), levels(5), tutorial(2), skus(2), quests(1)

[90mstdout[2m | tests/perf/contentLoad.perf.test.ts[2m > [22m[2mContent Load Performance[2m > [22m[2mloadContent() warm load тАФ < 100ms p95
[22m[39mContent loaded (v31): items(20), crops(5), pets(5), eggs(1), levels(5), tutorial(2), skus(2), quests(1)

[90mstdout[2m | tests/perf/contentLoad.perf.test.ts[2m > [22m[2mContent Load Performance[2m > [22m[2mloadContent() warm load тАФ < 100ms p95
[22m[39mContent loaded (v32): items(20), crops(5), pets(5), eggs(1), levels(5), tutorial(2), skus(2), quests(1)

[90mstdout[2m | tests/perf/contentLoad.perf.test.ts[2m > [22m[2mContent Load Performance[2m > [22m[2mloadContent() warm load тАФ < 100ms p95
[22m[39mContent loaded (v33): items(20), crops(5), pets(5), eggs(1), levels(5), tutorial(2), skus(2), quests(1)

[90mstdout[2m | tests/perf/contentLoad.perf.test.ts[2m > [22m[2mContent Load Performance[2m > [22m[2mloadContent() warm load тАФ < 100ms p95
[22m[39mContent loaded (v34): items(20), crops(5), pets(5), eggs(1), levels(5), tutorial(2), skus(2), quests(1)

[90mstdout[2m | tests/perf/contentLoad.perf.test.ts[2m > [22m[2mContent Load Performance[2m > [22m[2mloadContent() warm load тАФ < 100ms p95
[22m[39mContent loaded (v35): items(20), crops(5), pets(5), eggs(1), levels(5), tutorial(2), skus(2), quests(1)

[90mstdout[2m | tests/perf/contentLoad.perf.test.ts[2m > [22m[2mContent Load Performance[2m > [22m[2mloadContent() warm load тАФ < 100ms p95
[22m[39mContent loaded (v36): items(20), crops(5), pets(5), eggs(1), levels(5), tutorial(2), skus(2), quests(1)

[90mstdout[2m | tests/perf/contentLoad.perf.test.ts[2m > [22m[2mContent Load Performance[2m > [22m[2mloadContent() warm load тАФ < 100ms p95
[22m[39mContent loaded (v37): items(20), crops(5), pets(5), eggs(1), levels(5), tutorial(2), skus(2), quests(1)

[90mstdout[2m | tests/perf/contentLoad.perf.test.ts[2m > [22m[2mContent Load Performance[2m > [22m[2mloadContent() warm load тАФ < 100ms p95
[22m[39mContent loaded (v38): items(20), crops(5), pets(5), eggs(1), levels(5), tutorial(2), skus(2), quests(1)

[90mstdout[2m | tests/perf/contentLoad.perf.test.ts[2m > [22m[2mContent Load Performance[2m > [22m[2mloadContent() warm load тАФ < 100ms p95
[22m[39mContent loaded (v39): items(20), crops(5), pets(5), eggs(1), levels(5), tutorial(2), skus(2), quests(1)

[90mstdout[2m | tests/perf/contentLoad.perf.test.ts[2m > [22m[2mContent Load Performance[2m > [22m[2mloadContent() warm load тАФ < 100ms p95
[22m[39mContent loaded (v40): items(20), crops(5), pets(5), eggs(1), levels(5), tutorial(2), skus(2), quests(1)

[90mstdout[2m | tests/perf/contentLoad.perf.test.ts[2m > [22m[2mContent Load Performance[2m > [22m[2mloadContent() warm load тАФ < 100ms p95
[22m[39mContent loaded (v41): items(20), crops(5), pets(5), eggs(1), levels(5), tutorial(2), skus(2), quests(1)

[90mstdout[2m | tests/perf/renderer.perf.test.ts[2m > [22m[2mRenderer Performance тАФ getCropSprite[2m > [22m[2mshould return null for no-sprite config in < 5╬╝s (p95)
[22m[39mтЬЕ getCropSprite тАФ no sprites: p50=0.2╬╝s p95=0.3╬╝s max=96.6╬╝s avg=0.3╬╝s total=5.3ms (10000 iters) budget=5.0╬╝s

[90mstdout[2m | tests/perf/contentLoad.perf.test.ts[2m > [22m[2mContent Load Performance[2m > [22m[2mloadContent() warm load тАФ < 100ms p95
[22m[39mContent loaded (v42): items(20), crops(5), pets(5), eggs(1), levels(5), tutorial(2), skus(2), quests(1)

[90mstdout[2m | tests/perf/contentLoad.perf.test.ts[2m > [22m[2mContent Load Performance[2m > [22m[2mloadContent() warm load тАФ < 100ms p95
[22m[39mContent loaded (v43): items(20), crops(5), pets(5), eggs(1), levels(5), tutorial(2), skus(2), quests(1)

[90mstdout[2m | tests/perf/contentLoad.perf.test.ts[2m > [22m[2mContent Load Performance[2m > [22m[2mloadContent() warm load тАФ < 100ms p95
[22m[39mContent loaded (v44): items(20), crops(5), pets(5), eggs(1), levels(5), tutorial(2), skus(2), quests(1)

[90mstdout[2m | tests/perf/renderer.perf.test.ts[2m > [22m[2mRenderer Performance тАФ getCropSprite[2m > [22m[2mshould select from 5 stages in < 10╬╝s (p95)
[22m[39mтЬЕ getCropSprite тАФ 5 stages: p50=0.7╬╝s p95=1.9╬╝s max=4.76ms avg=1.5╬╝s total=17.5ms (10000 iters) budget=10.0╬╝s

[90mstdout[2m | tests/perf/contentLoad.perf.test.ts[2m > [22m[2mContent Load Performance[2m > [22m[2mloadContent() warm load тАФ < 100ms p95
[22m[39mContent loaded (v45): items(20), crops(5), pets(5), eggs(1), levels(5), tutorial(2), skus(2), quests(1)

[90mstdout[2m | tests/perf/contentLoad.perf.test.ts[2m > [22m[2mContent Load Performance[2m > [22m[2mloadContent() warm load тАФ < 100ms p95
[22m[39mContent loaded (v46): items(20), crops(5), pets(5), eggs(1), levels(5), tutorial(2), skus(2), quests(1)

[90mstdout[2m | tests/perf/contentLoad.perf.test.ts[2m > [22m[2mContent Load Performance[2m > [22m[2mloadContent() warm load тАФ < 100ms p95
[22m[39mContent loaded (v47): items(20), crops(5), pets(5), eggs(1), levels(5), tutorial(2), skus(2), quests(1)

[90mstdout[2m | tests/perf/contentLoad.perf.test.ts[2m > [22m[2mContent Load Performance[2m > [22m[2mloadContent() warm load тАФ < 100ms p95
[22m[39mContent loaded (v48): items(20), crops(5), pets(5), eggs(1), levels(5), tutorial(2), skus(2), quests(1)

[90mstdout[2m | tests/perf/contentLoad.perf.test.ts[2m > [22m[2mContent Load Performance[2m > [22m[2mloadContent() warm load тАФ < 100ms p95
[22m[39mContent loaded (v49): items(20), crops(5), pets(5), eggs(1), levels(5), tutorial(2), skus(2), quests(1)

[90mstdout[2m | tests/perf/renderer.perf.test.ts[2m > [22m[2mRenderer Performance тАФ getCropSprite[2m > [22m[2mshould select from 20 stages in < 50╬╝s (p95)
[22m[39mтЬЕ getCropSprite тАФ 20 stages: p50=1.1╬╝s p95=1.3╬╝s max=66.5╬╝s avg=1.2╬╝s total=13.1ms (10000 iters) budget=50.0╬╝s

[90mstdout[2m | tests/perf/contentLoad.perf.test.ts[2m > [22m[2mContent Load Performance[2m > [22m[2mloadContent() warm load тАФ < 100ms p95
[22m[39mContent loaded (v50): items(20), crops(5), pets(5), eggs(1), levels(5), tutorial(2), skus(2), quests(1)

[90mstdout[2m | tests/perf/contentLoad.perf.test.ts[2m > [22m[2mContent Load Performance[2m > [22m[2mloadContent() warm load тАФ < 100ms p95
[22m[39mContent loaded (v51): items(20), crops(5), pets(5), eggs(1), levels(5), tutorial(2), skus(2), quests(1)

[90mstdout[2m | tests/perf/contentLoad.perf.test.ts[2m > [22m[2mContent Load Performance[2m > [22m[2mloadContent() warm load тАФ < 100ms p95
[22m[39mContent loaded (v52): items(20), crops(5), pets(5), eggs(1), levels(5), tutorial(2), skus(2), quests(1)

[90mstdout[2m | tests/perf/contentLoad.perf.test.ts[2m > [22m[2mContent Load Performance[2m > [22m[2mloadContent() warm load тАФ < 100ms p95
[22m[39mContent loaded (v53): items(20), crops(5), pets(5), eggs(1), levels(5), tutorial(2), skus(2), quests(1)

[90mstdout[2m | tests/perf/contentLoad.perf.test.ts[2m > [22m[2mContent Load Performance[2m > [22m[2mloadContent() warm load тАФ < 100ms p95
[22m[39mContent loaded (v54): items(20), crops(5), pets(5), eggs(1), levels(5), tutorial(2), skus(2), quests(1)

[90mstdout[2m | tests/perf/contentLoad.perf.test.ts[2m > [22m[2mContent Load Performance[2m > [22m[2mloadContent() warm load тАФ < 100ms p95
[22m[39mContent loaded (v55): items(20), crops(5), pets(5), eggs(1), levels(5), tutorial(2), skus(2), quests(1)

[90mstdout[2m | tests/perf/contentLoad.perf.test.ts[2m > [22m[2mContent Load Performance[2m > [22m[2mloadContent() warm load тАФ < 100ms p95
[22m[39mContent loaded (v56): items(20), crops(5), pets(5), eggs(1), levels(5), tutorial(2), skus(2), quests(1)

[90mstdout[2m | tests/perf/contentLoad.perf.test.ts[2m > [22m[2mContent Load Performance[2m > [22m[2mloadContent() warm load тАФ < 100ms p95
[22m[39mContent loaded (v57): items(20), crops(5), pets(5), eggs(1), levels(5), tutorial(2), skus(2), quests(1)

[90mstdout[2m | tests/perf/contentLoad.perf.test.ts[2m > [22m[2mContent Load Performance[2m > [22m[2mloadContent() warm load тАФ < 100ms p95
[22m[39mContent loaded (v58): items(20), crops(5), pets(5), eggs(1), levels(5), tutorial(2), skus(2), quests(1)

[90mstdout[2m | tests/perf/contentLoad.perf.test.ts[2m > [22m[2mContent Load Performance[2m > [22m[2mloadContent() warm load тАФ < 100ms p95
[22m[39mContent loaded (v59): items(20), crops(5), pets(5), eggs(1), levels(5), tutorial(2), skus(2), quests(1)

[90mstdout[2m | tests/perf/contentLoad.perf.test.ts[2m > [22m[2mContent Load Performance[2m > [22m[2mloadContent() warm load тАФ < 100ms p95
[22m[39mContent loaded (v60): items(20), crops(5), pets(5), eggs(1), levels(5), tutorial(2), skus(2), quests(1)

[90mstdout[2m | tests/perf/contentLoad.perf.test.ts[2m > [22m[2mContent Load Performance[2m > [22m[2mloadContent() warm load тАФ < 100ms p95
[22m[39mContent loaded (v61): items(20), crops(5), pets(5), eggs(1), levels(5), tutorial(2), skus(2), quests(1)

[90mstdout[2m | tests/perf/contentLoad.perf.test.ts[2m > [22m[2mContent Load Performance[2m > [22m[2mloadContent() warm load тАФ < 100ms p95
[22m[39mContent loaded (v62): items(20), crops(5), pets(5), eggs(1), levels(5), tutorial(2), skus(2), quests(1)

[90mstdout[2m | tests/perf/contentLoad.perf.test.ts[2m > [22m[2mContent Load Performance[2m > [22m[2mloadContent() warm load тАФ < 100ms p95
[22m[39mContent loaded (v63): items(20), crops(5), pets(5), eggs(1), levels(5), tutorial(2), skus(2), quests(1)

[90mstdout[2m | tests/perf/contentLoad.perf.test.ts[2m > [22m[2mContent Load Performance[2m > [22m[2mloadContent() warm load тАФ < 100ms p95
[22m[39mContent loaded (v64): items(20), crops(5), pets(5), eggs(1), levels(5), tutorial(2), skus(2), quests(1)

[90mstdout[2m | tests/perf/contentLoad.perf.test.ts[2m > [22m[2mContent Load Performance[2m > [22m[2mloadContent() warm load тАФ < 100ms p95
[22m[39mContent loaded (v65): items(20), crops(5), pets(5), eggs(1), levels(5), tutorial(2), skus(2), quests(1)

[90mstdout[2m | tests/perf/contentLoad.perf.test.ts[2m > [22m[2mContent Load Performance[2m > [22m[2mloadContent() warm load тАФ < 100ms p95
[22m[39mContent loaded (v66): items(20), crops(5), pets(5), eggs(1), levels(5), tutorial(2), skus(2), quests(1)

[90mstdout[2m | tests/perf/contentLoad.perf.test.ts[2m > [22m[2mContent Load Performance[2m > [22m[2mloadContent() warm load тАФ < 100ms p95
[22m[39mContent loaded (v67): items(20), crops(5), pets(5), eggs(1), levels(5), tutorial(2), skus(2), quests(1)

[90mstdout[2m | tests/perf/contentLoad.perf.test.ts[2m > [22m[2mContent Load Performance[2m > [22m[2mloadContent() warm load тАФ < 100ms p95
[22m[39mContent loaded (v68): items(20), crops(5), pets(5), eggs(1), levels(5), tutorial(2), skus(2), quests(1)

[90mstdout[2m | tests/perf/contentLoad.perf.test.ts[2m > [22m[2mContent Load Performance[2m > [22m[2mloadContent() warm load тАФ < 100ms p95
[22m[39mContent loaded (v69): items(20), crops(5), pets(5), eggs(1), levels(5), tutorial(2), skus(2), quests(1)

[90mstdout[2m | tests/perf/contentLoad.perf.test.ts[2m > [22m[2mContent Load Performance[2m > [22m[2mloadContent() warm load тАФ < 100ms p95
[22m[39mContent loaded (v70): items(20), crops(5), pets(5), eggs(1), levels(5), tutorial(2), skus(2), quests(1)

[90mstdout[2m | tests/perf/contentLoad.perf.test.ts[2m > [22m[2mContent Load Performance[2m > [22m[2mloadContent() warm load тАФ < 100ms p95
[22m[39mContent loaded (v71): items(20), crops(5), pets(5), eggs(1), levels(5), tutorial(2), skus(2), quests(1)

[90mstdout[2m | tests/perf/contentLoad.perf.test.ts[2m > [22m[2mContent Load Performance[2m > [22m[2mloadContent() warm load тАФ < 100ms p95
[22m[39mContent loaded (v72): items(20), crops(5), pets(5), eggs(1), levels(5), tutorial(2), skus(2), quests(1)

[90mstdout[2m | tests/perf/contentLoad.perf.test.ts[2m > [22m[2mContent Load Performance[2m > [22m[2mloadContent() warm load тАФ < 100ms p95
[22m[39mContent loaded (v73): items(20), crops(5), pets(5), eggs(1), levels(5), tutorial(2), skus(2), quests(1)

[90mstdout[2m | tests/perf/contentLoad.perf.test.ts[2m > [22m[2mContent Load Performance[2m > [22m[2mloadContent() warm load тАФ < 100ms p95
[22m[39mContent loaded (v74): items(20), crops(5), pets(5), eggs(1), levels(5), tutorial(2), skus(2), quests(1)

[90mstdout[2m | tests/perf/contentLoad.perf.test.ts[2m > [22m[2mContent Load Performance[2m > [22m[2mloadContent() warm load тАФ < 100ms p95
[22m[39mContent loaded (v75): items(20), crops(5), pets(5), eggs(1), levels(5), tutorial(2), skus(2), quests(1)

[90mstdout[2m | tests/perf/contentLoad.perf.test.ts[2m > [22m[2mContent Load Performance[2m > [22m[2mloadContent() warm load тАФ < 100ms p95
[22m[39mContent loaded (v76): items(20), crops(5), pets(5), eggs(1), levels(5), tutorial(2), skus(2), quests(1)

[90mstdout[2m | tests/perf/contentLoad.perf.test.ts[2m > [22m[2mContent Load Performance[2m > [22m[2mloadContent() warm load тАФ < 100ms p95
[22m[39mContent loaded (v77): items(20), crops(5), pets(5), eggs(1), levels(5), tutorial(2), skus(2), quests(1)

[90mstdout[2m | tests/perf/contentLoad.perf.test.ts[2m > [22m[2mContent Load Performance[2m > [22m[2mloadContent() warm load тАФ < 100ms p95
[22m[39mContent loaded (v78): items(20), crops(5), pets(5), eggs(1), levels(5), tutorial(2), skus(2), quests(1)

[90mstdout[2m | tests/perf/contentLoad.perf.test.ts[2m > [22m[2mContent Load Performance[2m > [22m[2mloadContent() warm load тАФ < 100ms p95
[22m[39mContent loaded (v79): items(20), crops(5), pets(5), eggs(1), levels(5), tutorial(2), skus(2), quests(1)

[90mstdout[2m | tests/perf/contentLoad.perf.test.ts[2m > [22m[2mContent Load Performance[2m > [22m[2mloadContent() warm load тАФ < 100ms p95
[22m[39mтЬЕ loadContent тАФ warm (cached FS): p50=2.65ms p95=8.17ms max=9.24ms avg=2.99ms total=149.8ms (50 iters) budget=100.00ms

[90mstdout[2m | tests/perf/contentLoad.perf.test.ts[2m > [22m[2mContent Load Performance[2m > [22m[2msaveContent() single type тАФ < 50ms p95
[22m[39mContent loaded (v80): items(20), crops(5), pets(5), eggs(1), levels(5), tutorial(2), skus(2), quests(1)

[90mstdout[2m | tests/perf/contentLoad.perf.test.ts[2m > [22m[2mContent Load Performance[2m > [22m[2msaveContent() single type тАФ < 50ms p95
[22m[39mтЬЕ saveContent тАФ single type: p50=557.8╬╝s p95=1.02ms max=2.26ms avg=644.3╬╝s total=32.4ms (50 iters) budget=50.00ms

[90mstdout[2m | tests/perf/contentLoad.perf.test.ts[2m > [22m[2mContent Load Performance[2m > [22m[2msaveContent() all types тАФ < 200ms p95
[22m[39mContent loaded (v136): items(20), crops(5), pets(5), eggs(1), levels(5), tutorial(2), skus(2), quests(1)

[90mstdout[2m | tests/perf/contentLoad.perf.test.ts[2m > [22m[2mContent Load Performance[2m > [22m[2msaveContent() all types тАФ < 200ms p95
[22m[39mтЬЕ saveContent тАФ all 8 types: p50=4.37ms p95=12.37ms max=12.37ms avg=5.65ms total=113.2ms (20 iters) budget=200.00ms

[90mstdout[2m | tests/perf/contentLoad.perf.test.ts[2m > [22m[2mContent Load Performance[2m > [22m[2mloadContent() with missing files тАФ < 150ms p95
[22m[39mContent loaded (v321): items(20), crops(5), pets(5), eggs(1), levels(5), tutorial(0), skus(0), quests(0)

[90mstdout[2m | tests/perf/contentLoad.perf.test.ts[2m > [22m[2mContent Load Performance[2m > [22m[2mloadContent() with missing files тАФ < 150ms p95
[22m[39mContent loaded (v322): items(20), crops(5), pets(5), eggs(1), levels(5), tutorial(0), skus(0), quests(0)

[90mstdout[2m | tests/perf/contentLoad.perf.test.ts[2m > [22m[2mContent Load Performance[2m > [22m[2mloadContent() with missing files тАФ < 150ms p95
[22m[39mContent loaded (v323): items(20), crops(5), pets(5), eggs(1), levels(5), tutorial(0), skus(0), quests(0)

[90mstdout[2m | tests/perf/contentLoad.perf.test.ts[2m > [22m[2mContent Load Performance[2m > [22m[2mloadContent() with missing files тАФ < 150ms p95
[22m[39mContent loaded (v324): items(20), crops(5), pets(5), eggs(1), levels(5), tutorial(0), skus(0), quests(0)

[90mstdout[2m | tests/perf/contentLoad.perf.test.ts[2m > [22m[2mContent Load Performance[2m > [22m[2mloadContent() with missing files тАФ < 150ms p95
[22m[39mContent loaded (v325): items(20), crops(5), pets(5), eggs(1), levels(5), tutorial(0), skus(0), quests(0)

[90mstdout[2m | tests/perf/contentLoad.perf.test.ts[2m > [22m[2mContent Load Performance[2m > [22m[2mloadContent() with missing files тАФ < 150ms p95
[22m[39mContent loaded (v326): items(20), crops(5), pets(5), eggs(1), levels(5), tutorial(0), skus(0), quests(0)

[90mstdout[2m | tests/perf/contentLoad.perf.test.ts[2m > [22m[2mContent Load Performance[2m > [22m[2mloadContent() with missing files тАФ < 150ms p95
[22m[39mContent loaded (v327): items(20), crops(5), pets(5), eggs(1), levels(5), tutorial(0), skus(0), quests(0)

[90mstdout[2m | tests/perf/contentLoad.perf.test.ts[2m > [22m[2mContent Load Performance[2m > [22m[2mloadContent() with missing files тАФ < 150ms p95
[22m[39mContent loaded (v328): items(20), crops(5), pets(5), eggs(1), levels(5), tutorial(0), skus(0), quests(0)

[90mstdout[2m | tests/perf/contentLoad.perf.test.ts[2m > [22m[2mContent Load Performance[2m > [22m[2mloadContent() with missing files тАФ < 150ms p95
[22m[39mContent loaded (v329): items(20), crops(5), pets(5), eggs(1), levels(5), tutorial(0), skus(0), quests(0)

[90mstdout[2m | tests/perf/contentLoad.perf.test.ts[2m > [22m[2mContent Load Performance[2m > [22m[2mloadContent() with missing files тАФ < 150ms p95
[22m[39mContent loaded (v330): items(20), crops(5), pets(5), eggs(1), levels(5), tutorial(0), skus(0), quests(0)

[90mstdout[2m | tests/perf/contentLoad.perf.test.ts[2m > [22m[2mContent Load Performance[2m > [22m[2mloadContent() with missing files тАФ < 150ms p95
[22m[39mContent loaded (v331): items(20), crops(5), pets(5), eggs(1), levels(5), tutorial(0), skus(0), quests(0)

[90mstdout[2m | tests/perf/contentLoad.perf.test.ts[2m > [22m[2mContent Load Performance[2m > [22m[2mloadContent() with missing files тАФ < 150ms p95
[22m[39mContent loaded (v332): items(20), crops(5), pets(5), eggs(1), levels(5), tutorial(0), skus(0), quests(0)

[90mstdout[2m | tests/perf/contentLoad.perf.test.ts[2m > [22m[2mContent Load Performance[2m > [22m[2mloadContent() with missing files тАФ < 150ms p95
[22m[39mContent loaded (v333): items(20), crops(5), pets(5), eggs(1), levels(5), tutorial(0), skus(0), quests(0)

[90mstdout[2m | tests/perf/contentLoad.perf.test.ts[2m > [22m[2mContent Load Performance[2m > [22m[2mloadContent() with missing files тАФ < 150ms p95
[22m[39mContent loaded (v334): items(20), crops(5), pets(5), eggs(1), levels(5), tutorial(0), skus(0), quests(0)

[90mstdout[2m | tests/perf/contentLoad.perf.test.ts[2m > [22m[2mContent Load Performance[2m > [22m[2mloadContent() with missing files тАФ < 150ms p95
[22m[39mContent loaded (v335): items(20), crops(5), pets(5), eggs(1), levels(5), tutorial(0), skus(0), quests(0)

[90mstdout[2m | tests/perf/contentLoad.perf.test.ts[2m > [22m[2mContent Load Performance[2m > [22m[2mloadContent() with missing files тАФ < 150ms p95
[22m[39mContent loaded (v336): items(20), crops(5), pets(5), eggs(1), levels(5), tutorial(0), skus(0), quests(0)

[90mstdout[2m | tests/perf/renderer.perf.test.ts[2m > [22m[2mRenderer Performance тАФ getCropSprite[2m > [22m[2mshould sweep 100 progress values ├Ч 10 stages in < 20╬╝s avg
[22m[39mтЬЕ getCropSprite тАФ 100-value sweep: p50=50.6╬╝s p95=77.2╬╝s max=1.45ms avg=51.6╬╝s total=259.7ms (5000 iters) budget=2.00ms

[90mstdout[2m | tests/perf/contentLoad.perf.test.ts[2m > [22m[2mContent Load Performance[2m > [22m[2mloadContent() with missing files тАФ < 150ms p95
[22m[39mContent loaded (v337): items(20), crops(5), pets(5), eggs(1), levels(5), tutorial(0), skus(0), quests(0)

[90mstdout[2m | tests/perf/contentLoad.perf.test.ts[2m > [22m[2mContent Load Performance[2m > [22m[2mloadContent() with missing files тАФ < 150ms p95
[22m[39mContent loaded (v338): items(20), crops(5), pets(5), eggs(1), levels(5), tutorial(0), skus(0), quests(0)

[90mstdout[2m | tests/perf/renderer.perf.test.ts[2m > [22m[2mRenderer Performance тАФ getCropSprite[2m > [22m[2mshould handle legacy single sprite in < 5╬╝s (p95)
[22m[39mтЬЕ getCropSprite тАФ legacy sprite: p50=0.2╬╝s p95=0.3╬╝s max=745.7╬╝s avg=0.3╬╝s total=5.2ms (10000 iters) budget=5.0╬╝s

[90mstdout[2m | tests/perf/contentLoad.perf.test.ts[2m > [22m[2mContent Load Performance[2m > [22m[2mloadContent() with missing files тАФ < 150ms p95
[22m[39mContent loaded (v339): items(20), crops(5), pets(5), eggs(1), levels(5), tutorial(0), skus(0), quests(0)

[90mstdout[2m | tests/perf/renderer.perf.test.ts[2m > [22m[2mRenderer Performance тАФ getCropSprite[2m > [22m[2mshould return null for not-ready legacy crop in < 5╬╝s (p95)
[22m[39mтЬЕ getCropSprite тАФ not ready: p50=0.2╬╝s p95=0.3╬╝s max=579.1╬╝s avg=0.3╬╝s total=6.1ms (10000 iters) budget=5.0╬╝s

[90mstdout[2m | tests/perf/contentLoad.perf.test.ts[2m > [22m[2mContent Load Performance[2m > [22m[2mloadContent() with missing files тАФ < 150ms p95
[22m[39mContent loaded (v340): items(20), crops(5), pets(5), eggs(1), levels(5), tutorial(0), skus(0), quests(0)

[90mstdout[2m | tests/perf/contentLoad.perf.test.ts[2m > [22m[2mContent Load Performance[2m > [22m[2mloadContent() with missing files тАФ < 150ms p95
[22m[39mContent loaded (v341): items(20), crops(5), pets(5), eggs(1), levels(5), tutorial(0), skus(0), quests(0)

[90mstdout[2m | tests/perf/contentLoad.perf.test.ts[2m > [22m[2mContent Load Performance[2m > [22m[2mloadContent() with missing files тАФ < 150ms p95
[22m[39mContent loaded (v342): items(20), crops(5), pets(5), eggs(1), levels(5), tutorial(0), skus(0), quests(0)

[90mstdout[2m | tests/perf/contentLoad.perf.test.ts[2m > [22m[2mContent Load Performance[2m > [22m[2mloadContent() with missing files тАФ < 150ms p95
[22m[39mContent loaded (v343): items(20), crops(5), pets(5), eggs(1), levels(5), tutorial(0), skus(0), quests(0)

 [32mтЬУ[39m tests/perf/renderer.perf.test.ts [2m([22m[2m6 tests[22m[2m)[22m[33m 367[2mms[22m[39m
[90mstdout[2m | tests/perf/contentLoad.perf.test.ts[2m > [22m[2mContent Load Performance[2m > [22m[2mloadContent() with missing files тАФ < 150ms p95
[22m[39mтЬЕ loadContent тАФ partial files: p50=2.02ms p95=5.49ms max=5.49ms avg=2.05ms total=41.1ms (20 iters) budget=150.00ms

 [32mтЬУ[39m tests/perf/contentLoad.perf.test.ts [2m([22m[2m5 tests[22m[2m)[22m[33m 492[2mms[22m[39m
[90mstdout[2m | tests/perf/petAI.perf.test.ts[2m > [22m[2mPet AI Performance[2m > [22m[2mshould handle 10 items within 50╬╝s/tick (p95)
[22m[39mтЬЕ PetAI тАФ 10 items: p50=0.3╬╝s p95=0.5╬╝s max=63.3╬╝s avg=0.3╬╝s total=5.7ms (10000 iters) budget=50.0╬╝s

 [32mтЬУ[39m tests/unit/eventBus.test.ts [2m([22m[2m10 tests[22m[2m)[22m[32m 15[2mms[22m[39m
[90mstdout[2m | tests/perf/petAI.perf.test.ts[2m > [22m[2mPet AI Performance[2m > [22m[2mshould handle 100 items within 200╬╝s/tick (p95)
[22m[39mтЬЕ PetAI тАФ 100 items: p50=0.2╬╝s p95=0.4╬╝s max=45.9╬╝s avg=0.3╬╝s total=2.4ms (5000 iters) budget=200.0╬╝s

[90mstdout[2m | tests/perf/petAI.perf.test.ts[2m > [22m[2mPet AI Performance[2m > [22m[2mshould handle 500 items within 1ms/tick (p95)
[22m[39mтЬЕ PetAI тАФ 500 items: p50=0.2╬╝s p95=0.3╬╝s max=18.6╬╝s avg=0.2╬╝s total=0.4ms (1000 iters) budget=1.00ms

[90mstdout[2m | tests/perf/petAI.perf.test.ts[2m > [22m[2mPet AI Performance[2m > [22m[2mshould handle full 14├Ч14 grid within 500╬╝s/tick (p95)
[22m[39mтЬЕ PetAI тАФ full grid (196 items): p50=0.2╬╝s p95=0.4╬╝s max=21.7╬╝s avg=0.3╬╝s total=0.4ms (1000 iters) budget=500.0╬╝s

[90mstdout[2m | tests/perf/petAI.perf.test.ts[2m > [22m[2mPet AI Performance[2m > [22m[2mshould cycle IDLEтЖТWANDERтЖТAPPROACH within 100╬╝s/tick (p95)
[22m[39mтЬЕ PetAI тАФ state transitions: p50=0.2╬╝s p95=3.1╬╝s max=68.2╬╝s avg=0.6╬╝s total=3.8ms (5000 iters) budget=100.0╬╝s

[90mstdout[2m | tests/perf/petAI.perf.test.ts[2m > [22m[2mPet AI Performance[2m > [22m[2mshould create state in < 5╬╝s (p95)
[22m[39mтЬЕ createPetAIState(): p50=0.2╬╝s p95=0.3╬╝s max=63.7╬╝s avg=0.2╬╝s total=20.2ms (50000 iters) budget=5.0╬╝s

 [32mтЬУ[39m tests/unit/gameEngine.test.ts [2m([22m[2m25 tests[22m[2m)[22m[32m 23[2mms[22m[39m
[90mstdout[2m | tests/perf/petAI.perf.test.ts[2m > [22m[2mPet AI Performance[2m > [22m[2mshould reset state in < 5╬╝s (p95)
[22m[39mтЬЕ resetPetAI(): p50=0.2╬╝s p95=0.4╬╝s max=46.1╬╝s avg=0.2╬╝s total=19.1ms (50000 iters) budget=5.0╬╝s

[90mstdout[2m | tests/perf/petAI.perf.test.ts[2m > [22m[2mPet AI Performance[2m > [22m[2mshould early-exit with no pet in < 1╬╝s (p95)
[22m[39mтЬЕ PetAI тАФ no pet (early exit): p50=0.2╬╝s p95=0.3╬╝s max=282.1╬╝s avg=0.2╬╝s total=20.3ms (50000 iters) budget=1.0╬╝s

 [32mтЬУ[39m tests/perf/petAI.perf.test.ts [2m([22m[2m8 tests[22m[2m)[22m[32m 131[2mms[22m[39m
[90mstdout[2m | tests/integration/gcs_storage.test.ts[2m > [22m[2mGCS Refactor Verification
[22m[39mGCS bucket: test-bucket

[90mstdout[2m | tests/integration/gcs_storage.test.ts[2m > [22m[2mGCS Refactor Verification
[22m[39mDB loaded from GCS: 0 users

[90mstdout[2m | tests/integration/gcs_storage.test.ts[2m > [22m[2mGCS Refactor Verification
[22m[39mContent loaded (v1): items(0), crops(0), pets(0), eggs(0), levels(0), tutorial(0), skus(0), quests(0)

[90mstdout[2m | tests/integration/gcs_storage.test.ts[2m > [22m[2mGCS Refactor Verification
[22m[39mServer running on port 8080
Admin panel: http://localhost:8080/admin
Storage: GCS (test-bucket)

[90mstdout[2m | tests/perf/apiLatency.perf.test.ts[2m > [22m[2mAPI Latency Performance
[22m[39mGCS bucket: test-bucket

[90mstdout[2m | tests/perf/apiLatency.perf.test.ts[2m > [22m[2mAPI Latency Performance
[22m[39mDB loaded from GCS: 0 users

[90mstdout[2m | tests/perf/apiLatency.perf.test.ts[2m > [22m[2mAPI Latency Performance
[22m[39mContent loaded (v1): items(0), crops(0), pets(0), eggs(0), levels(0), tutorial(0), skus(0), quests(0)

[90mstdout[2m | tests/perf/apiLatency.perf.test.ts[2m > [22m[2mAPI Latency Performance
[22m[39mServer running on port 8080
Admin panel: http://localhost:8080/admin
Storage: GCS (test-bucket)

 [32mтЬУ[39m tests/integration/gcs_storage.test.ts [2m([22m[2m2 tests[22m[2m)[22m[33m 1639[2mms[22m[39m
node.exe : [90mstderr[2m | 
tests/integration/api.test.ts
At line:1 char:1
+ & "C:\Program Files\nodejs/node.exe" "C:\Program 
Files\nodejs/node_mo ...
+ ~~~~~~~~~~~~~~~~~~~~~~~~~~~~~~~~~~~~~~~~~~~~~~~~~~~~~
~~~~~~~~~~~~~~~~
    + CategoryInfo          : NotSpecified: ([90mstde 
   rr[2m...ion/api.test.ts:String) [], RemoteExcepti  
  on
    + FullyQualifiedErrorId : NativeCommandError
 
[22m[39mтЪая╕П  GCS_BUCKET not set тАФ using LOCAL 
file storage (data lost on redeploy!)

[90mstdout[2m | tests/integration/api.test.ts[2m > [22m[2mAPI Integration
[22m[39mDB: starting fresh (no existing data found)

[90mstdout[2m | tests/integration/api.test.ts[2m > [22m[2mAPI Integration
[22m[39mContent loaded (v1): items(16), crops(3), pets(2), eggs(1), levels(5), tutorial(6), skus(3), quests(5)

[90mstdout[2m | tests/integration/api.test.ts[2m > [22m[2mAPI Integration[2m > [22m[2mGET /api/health[2m > [22m[2mshould return 200 OK
[22m[39mServer running on port 8080
Admin panel: http://localhost:8080/admin
Storage: LOCAL (ephemeral)

[90mstdout[2m | tests/perf/apiLatency.perf.test.ts[2m > [22m[2mAPI Latency Performance[2m > [22m[2mGET /api/health тАФ < 50ms p95
[22m[39mтЬЕ GET /api/health: p50=3.69ms p95=5.44ms max=6.72ms avg=3.84ms total=384.3ms (100 iters) budget=50.00ms

 [32mтЬУ[39m tests/integration/api.test.ts [2m([22m[2m6 tests[22m[2m)[22m[32m 146[2mms[22m[39m
[90mstderr[2m | tests/unit/sanitizeUser.test.js
[22m[39mтЪая╕П  GCS_BUCKET not set тАФ using LOCAL 
file storage (data lost on redeploy!)

 [32mтЬУ[39m tests/unit/sanitizeUser.test.js [2m([22m[2m6 tests[22m[2m)[22m[32m 11[2mms[22m[39m
[90mstderr[2m | tests/integration/security.test.ts
[22m[39mтЪая╕П  GCS_BUCKET not set тАФ using LOCAL 
file storage (data lost on redeploy!)

[90mstdout[2m | tests/integration/security.test.ts[2m > [22m[2mVulnerability Reproduction
[22m[39mDB: starting fresh (no existing data found)

[90mstdout[2m | tests/integration/security.test.ts[2m > [22m[2mVulnerability Reproduction
[22m[39mContent loaded (v1): items(16), crops(3), pets(2), eggs(1), levels(5), tutorial(6), skus(3), quests(5)

[90mstdout[2m | tests/integration/security.test.ts[2m > [22m[2mVulnerability Reproduction[2m > [22m[2mshould currently accept arbitrary state structure (vulnerable)
[22m[39mServer running on port 8080
Admin panel: http://localhost:8080/admin
Storage: LOCAL (ephemeral)

[90mstderr[2m | 
tests/integration/security_path_traversal.test.ts
[22m[39mтЪая╕П  GCS_BUCKET not set тАФ using LOCAL 
file storage (data lost on redeploy!)

[90mstdout[2m | tests/integration/security_path_traversal.test.ts[2m > [22m[2mSecurity Integration: Path Traversal
[22m[39mDB: starting fresh (no existing data found)

[90mstdout[2m | tests/integration/security_path_traversal.test.ts[2m > [22m[2mSecurity Integration: Path Traversal
[22m[39mContent loaded (v1): items(16), crops(3), pets(2), eggs(1), levels(5), tutorial(6), skus(3), quests(5)

 [32mтЬУ[39m tests/integration/security.test.ts [2m([22m[2m1 test[22m[2m)[22m[32m 56[2mms[22m[39m
 [32mтЬУ[39m tests/integration/security_path_traversal.test.ts [2m([22m[2m2 tests[22m[2m)[22m[32m 51[2mms[22m[39m
[90mstdout[2m | tests/perf/apiLatency.perf.test.ts[2m > [22m[2mAPI Latency Performance[2m > [22m[2mGET /api/content тАФ < 100ms p95
[22m[39mтЬЕ GET /api/content: p50=2.73ms p95=4.54ms max=10.47ms avg=2.99ms total=299.1ms (100 iters) budget=100.00ms

[90mstdout[2m | tests/perf/apiLatency.perf.test.ts[2m > [22m[2mAPI Latency Performance[2m > [22m[2mGET /api/content/version тАФ < 20ms p95
[22m[39mтЬЕ GET /api/content/version: p50=2.21ms p95=3.78ms max=4.22ms avg=2.36ms total=236.5ms (100 iters) budget=20.00ms

[90mstdout[2m | tests/perf/apiLatency.perf.test.ts[2m > [22m[2mAPI Latency Performance[2m > [22m[2mPOST /api/state (authenticated) тАФ < 150ms p95
[22m[39mтЬЕ POST /api/state: p50=2.55ms p95=4.68ms max=5.64ms avg=2.77ms total=138.8ms (50 iters) budget=150.00ms

 [32mтЬУ[39m tests/perf/apiLatency.perf.test.ts [2m([22m[2m4 tests[22m[2m)[22m[33m 2772[2mms[22m[39m
     [33m[2mтЬУ[22m[39m GET /api/health тАФ < 50ms p95 [33m 458[2mms[22m[39m
     [33m[2mтЬУ[22m[39m GET /api/content тАФ < 100ms p95 [33m 351[2mms[22m[39m
[31mтОптОптОптОптОптОп[39m[1m[41m Unhandled Errors 
[49m[22m[31mтОптОптОптОптОптОп[39m
[31m[1m
Vitest caught 1 unhandled error during the test run.
This might cause false positive tests. Resolve 
unhandled errors to make sure your tests are not 
affected.[22m[39m

[31mтОптОптОптОптОп[39m[1m[41m Uncaught Exception 
[49m[22m[31mтОптОптОптОптОп[39m
[31m[1mError[22m: listen EADDRINUSE: address 
already in use :::8080[39m
[90m [2mтЭп[22m Server.setupListenHandle [as 
_listen2] node:net:[2m1940:16[22m[39m
[90m [2mтЭп[22m listenInCluster 
node:net:[2m1997:12[22m[39m
[90m [2mтЭп[22m Server.listen 
node:net:[2m2102:7[22m[39m
[90m [2mтЭп[22m app.listen node_modules/express/lib/
application.js:[2m635:24[22m[39m
[36m [2mтЭп[22m Module.startServer 
server.js:[2m750:14[22m[39m
    [90m748| [39m  })[33m;[39m
    [90m749| [39m
    [90m750| [39m  [35mreturn[39m app[33m.[39m[3
4mlisten[39m([33mPORT[39m[33m,[39m () 
[33m=>[39m {
    [90m   | [39m             [31m^[39m
    [90m751| [39m    
console[33m.[39m[34mlog[39m([32m`Server running 
on port [39m[36m${[39m[33mPORT[39m[36m}[39m[32m
`[39m)[33m;[39m
    [90m752| [39m    
console[33m.[39m[34mlog[39m([32m`Admin panel: http
://localhost:[39m[36m${[39m[33mPORT[39m[36m}[39m
[32m/admin`[39m)[33m;[39m
[90m [2mтЭп[22m processTicksAndRejections 
node:internal/process/task_queues:[2m103:5[22m[39m
[90m [2mтЭп[22m tests/integration/security_path_trav
ersal.test.ts:[2m20:14[22m[39m

[31m[2mтОптОптОптОптОптОптОптОптОптОптОптОптОптОптОпт
ОптОптОптОптОптОптОптОптОптОптОптОптОптОптОп[22m[39m
[31m[1mSerialized Error:[22m[39m [90m{ code: 
'EADDRINUSE', errno: -4091, syscall: 'listen', 
address: '::', port: 8080 }[39m
[31mThis error originated in "[1mtests/integration/se
curity_path_traversal.test.ts[22m" test file. It 
doesn't mean the error was thrown inside the file 
itself, but while it was running.[39m
[31mThe latest test that might've caused the error is 
"[1mshould prevent accessing files outside the 
sprites directory[22m". It might mean one of the 
following:
- The error was thrown, while Vitest was running this 
test.
- If the error occurred after the test had been 
completed, this was the last documented test before it 
was thrown.[39m
[31mтОптОптОптОптОптОптОптОптОптОптОптОптОптОптОптОптО
птОптОптОптОптОптОптОптОптОптОптОптОптОп[39m


[2m Test Files [22m [1m[32m11 passed[39m[22m[90m (11)[39m
[2m      Tests [22m [1m[32m75 passed[39m[22m[90m (75)[39m
[2m     Errors [22m [1m[31m1 error[39m[22m
[2m   Start at [22m 01:20:44
[2m   Duration [22m 9.71s[2m (transform 726ms, setup 10.10s, import 12.12s, tests 5.70s, environment 54.41s)[22m

